
> frontend@0.0.0 build E:\Nirma\SEM-2\DL\DL_Project\frontend
> vite build

npm : [31merror during build:
At line:1 char:1
+ npm run build > build_error.log 2>&1
+ ~~~~~~~~~~~~~~~~~~~~~~~~~~~~~~~~~~~~
    + CategoryInfo          : NotSpecified: ([31merror during b 
   uild::String) [], RemoteException
    + FullyQualifiedErrorId : NativeCommandError
 
TypeError [ERR_UNKNOWN_ENCODING]: Unknown encoding: base64url
    at Buffer.toString (buffer.js:803:11)
    at resolveConfig (file:///E:/Nirma/SEM-2/DL/DL_Project/fronte
nd/node_modules/vite/dist/node/chunks/dep-827b23df.js:66343:81)
    at async build (file:///E:/Nirma/SEM-2/DL/DL_Project/frontend
/node_modules/vite/dist/node/chunks/dep-827b23df.js:47982:20)
    at async CAC.<anonymous> (file:///E:/Nirma/SEM-2/DL/DL_Projec
t/frontend/node_modules/vite/dist/node/cli.js:843:9)[39m
npm ERR! code ELIFECYCLE
npm ERR! errno 1
npm ERR! frontend@0.0.0 build: `vite build`
npm ERR! Exit status 1
npm ERR! 
npm ERR! Failed at the frontend@0.0.0 build script.
npm ERR! This is probably not a problem with npm. There is 
likely additional logging output above.

npm ERR! A complete log of this run can be found in:
npm ERR!     C:\Users\saura\AppData\Roaming\npm-cache\_logs\2026-
03-19T03_12_04_674Z-debug.log
